C:/Users/grego/Documents/DualStepperMotor/DualStepper/Core/Src/main.c:95:6:motor_calibration	4
C:/Users/grego/Documents/DualStepperMotor/DualStepper/Core/Src/main.c:116:6:motor_init	1
C:/Users/grego/Documents/DualStepperMotor/DualStepper/Core/Src/main.c:126:6:motor_getValue	4
C:/Users/grego/Documents/DualStepperMotor/DualStepper/Core/Src/main.c:147:6:motor_pwm_setvalue	5
C:/Users/grego/Documents/DualStepperMotor/DualStepper/Core/Src/main.c:225:5:main	4
C:/Users/grego/Documents/DualStepperMotor/DualStepper/Core/Src/main.c:323:6:SystemClock_Config	3
C:/Users/grego/Documents/DualStepperMotor/DualStepper/Core/Src/main.c:372:6:Error_Handler	1
